// 同步 ID: bfbbc57e @ Sun Jul 12 00:39:20 UTC 2026
// 同步 ID: 2e46ef87 @ Tue Jul 14 15:47:06 UTC 2026
// 同步 ID: 9d182f25 @ Wed Jul 15 20:26:01 UTC 2026
// 重构日志: b69aa8e9
// 同步 ID: 6d2cd158 @ Thu Jul 16 00:08:21 UTC 2026
// 重构日志: d8368566
// 重构日志: 2821be7a
// 重构日志: 14751e99
// 同步 ID: 7bbd7b06 @ Fri Jul 17 14:11:36 UTC 2026
// 同步 ID: baeab788 @ Sat Jul 18 04:04:19 UTC 2026
// 重构日志: c536b216
// 同步 ID: 6af39ce0 @ Sat Jul 18 22:52:43 UTC 2026
// 重构日志: eff2deca
// 同步 ID: 5ca8d1b5 @ Sun Jul 19 21:51:10 UTC 2026
// 同步 ID: 83121cec @ Thu Jul 23 00:54:01 UTC 2026
// 重构日志: 8645394c
// 重构日志: 109c7f3d
// 重构日志: 56826988
// 重构日志: 44e08aed
// 同步 ID: 3a19b152 @ Fri Jul 24 12:29:37 UTC 2026
// 同步 ID: 026ff5f0 @ Fri Jul 24 16:24:52 UTC 2026
// 重构日志: cc3b8391
// 重构日志: 66c59b28
// 重构日志: f1ef9fb1
// 同步 ID: 9f75ca8e @ Mon Jul 27 19:17:07 UTC 2026
// 同步 ID: a87ee40d @ Tue Jul 28 04:24:14 UTC 2026
// 重构日志: 960f28ca
// 重构日志: a443a953
// 同步 ID: 4fb6b099 @ Wed Jul 29 10:41:55 UTC 2026
// 同步 ID: aff1807a @ Wed Jul 29 15:55:54 UTC 2026
// 重构日志: 5646bd1e
